command: node --test tests/e2e/train-flow-critical.e2e.test.js
source-head: daea959b9e186318fae61694b31cdf2e7e2434e3
source-tree: 1d3c3e7021df0e3a0a852b2209a6d4ebbee775d3
TAP version 13
# Subtest: C1 anonymous offline first launch reaches one terminal record and weekly statistics
ok 1 - C1 anonymous offline first launch reaches one terminal record and weekly statistics
  ---
  duration_ms: 599.116708
  type: 'test'
  ...
# Subtest: C2 lifecycle reconstruction emits one expiry boundary and terminal replay stays idempotent
ok 2 - C2 lifecycle reconstruction emits one expiry boundary and terminal replay stays idempotent
  ---
  duration_ms: 681.483208
  type: 'test'
  ...
# Subtest: C3 history, invalid import, cancel/confirm clear and Sunday rest share real local boundaries
ok 3 - C3 history, invalid import, cancel/confirm clear and Sunday rest share real local boundaries
  ---
  duration_ms: 142.438084
  type: 'test'
  ...
# Subtest: C4 sync recovery/conflict/purge, trusted cloud owner and privacy scan cross public boundaries
ok 4 - C4 sync recovery/conflict/purge, trusted cloud owner and privacy scan cross public boundaries
  ---
  duration_ms: 6573.171
  type: 'test'
  ...
1..4
# tests 4
# suites 0
# pass 4
# fail 0
# cancelled 0
# skipped 0
# todo 0
# duration_ms 8040.413416
exit-code: 0
